[   45598ms] [ERROR] Failed to load resource: the server responded with a status of 403 () @ https://martp.nizamjensani.digital/dashboard/galleries:0
[   45724ms] [ERROR] Failed to load resource: the server responded with a status of 403 () @ https://martp.nizamjensani.digital/dashboard/articles:0
[   45833ms] [ERROR] Failed to load resource: the server responded with a status of 403 () @ https://martp.nizamjensani.digital/dashboard/news:0
[   45949ms] [ERROR] Failed to load resource: the server responded with a status of 403 () @ https://martp.nizamjensani.digital/dashboard/epublications:0
[   46063ms] [ERROR] Failed to load resource: the server responded with a status of 403 () @ https://martp.nizamjensani.digital/dashboard/exhibitions:0
[   46184ms] [ERROR] Failed to load resource: the server responded with a status of 403 () @ https://martp.nizamjensani.digital/dashboard/grants:0
[   46319ms] [ERROR] Failed to load resource: the server responded with a status of 403 () @ https://martp.nizamjensani.digital/dashboard/links:0
[   46458ms] [ERROR] Failed to load resource: the server responded with a status of 403 () @ https://martp.nizamjensani.digital/dashboard/homepage:0
[   46589ms] [ERROR] Failed to load resource: the server responded with a status of 403 () @ https://martp.nizamjensani.digital/dashboard/services:0
[   46739ms] [ERROR] Failed to load resource: the server responded with a status of 403 () @ https://martp.nizamjensani.digital/dashboard/merchandises:0
[   47799ms] [ERROR] Failed to load resource: the server responded with a status of 403 () @ https://martp.nizamjensani.digital/dashboard/users:0
[   47939ms] [ERROR] Failed to load resource: the server responded with a status of 403 () @ https://martp.nizamjensani.digital/dashboard/review-queue:0
[   98081ms] [ERROR] Failed to load resource: the server responded with a status of 403 () @ https://martp.nizamjensani.digital/dashboard/galleries:0
[   98200ms] [ERROR] Failed to load resource: the server responded with a status of 403 () @ https://martp.nizamjensani.digital/dashboard/articles:0
[   98309ms] [ERROR] Failed to load resource: the server responded with a status of 403 () @ https://martp.nizamjensani.digital/dashboard/news:0
[   98413ms] [ERROR] Failed to load resource: the server responded with a status of 403 () @ https://martp.nizamjensani.digital/dashboard/epublications:0
[   98525ms] [ERROR] Failed to load resource: the server responded with a status of 403 () @ https://martp.nizamjensani.digital/dashboard/exhibitions:0
[   98626ms] [ERROR] Failed to load resource: the server responded with a status of 403 () @ https://martp.nizamjensani.digital/dashboard/grants:0
[   98727ms] [ERROR] Failed to load resource: the server responded with a status of 403 () @ https://martp.nizamjensani.digital/dashboard/links:0
[   98841ms] [ERROR] Failed to load resource: the server responded with a status of 403 () @ https://martp.nizamjensani.digital/dashboard/homepage:0
[   98958ms] [ERROR] Failed to load resource: the server responded with a status of 403 () @ https://martp.nizamjensani.digital/dashboard/services:0
[   99057ms] [ERROR] Failed to load resource: the server responded with a status of 403 () @ https://martp.nizamjensani.digital/dashboard/merchandises:0
[   99897ms] [ERROR] Failed to load resource: the server responded with a status of 403 () @ https://martp.nizamjensani.digital/dashboard/users:0
[  100002ms] [ERROR] Failed to load resource: the server responded with a status of 403 () @ https://martp.nizamjensani.digital/dashboard/review-queue:0
[  109031ms] [ERROR] Failed to load resource: the server responded with a status of 403 () @ https://martp.nizamjensani.digital/dashboard/art-for-sale:0
[  109493ms] [ERROR] Failed to load resource: the server responded with a status of 403 () @ https://martp.nizamjensani.digital/dashboard/articles:0
[  109604ms] [ERROR] Failed to load resource: the server responded with a status of 403 () @ https://martp.nizamjensani.digital/dashboard/news:0
[  109710ms] [ERROR] Failed to load resource: the server responded with a status of 403 () @ https://martp.nizamjensani.digital/dashboard/epublications:0
[  109813ms] [ERROR] Failed to load resource: the server responded with a status of 403 () @ https://martp.nizamjensani.digital/dashboard/exhibitions:0
[  109927ms] [ERROR] Failed to load resource: the server responded with a status of 403 () @ https://martp.nizamjensani.digital/dashboard/grants:0
[  110029ms] [ERROR] Failed to load resource: the server responded with a status of 403 () @ https://martp.nizamjensani.digital/dashboard/links:0
[  110135ms] [ERROR] Failed to load resource: the server responded with a status of 403 () @ https://martp.nizamjensani.digital/dashboard/homepage:0
[  110243ms] [ERROR] Failed to load resource: the server responded with a status of 403 () @ https://martp.nizamjensani.digital/dashboard/services:0
[  110351ms] [ERROR] Failed to load resource: the server responded with a status of 403 () @ https://martp.nizamjensani.digital/dashboard/merchandises:0
[  111168ms] [ERROR] Failed to load resource: the server responded with a status of 403 () @ https://martp.nizamjensani.digital/dashboard/users:0
[  111286ms] [ERROR] Failed to load resource: the server responded with a status of 403 () @ https://martp.nizamjensani.digital/dashboard/review-queue:0
